[backblue.gif]
[fade.gif]
[index.html]
[bsidesorlando.org/2018/feed/index.html]
[bsidesorlando.org/2018/comments/feed/index.html]
[bsidesorlando.org/2018/wp-includes/js/jquery/jqueryb8ff.js]
[bsidesorlando.org/2018/wp-includes/js/jquery/jquery-migrate.min330a.js]
[bsidesorlando.org/2018/wp-json/index.html]
[bsidesorlando.org/2018/xmlrpc0db0.php]
[bsidesorlando.org/2018/wp-includes/wlwmanifest.xml]
[bsidesorlando.org/2018/wp-content/plugins/master-slider/public/assets/css/common/grabbing.cur]
[bsidesorlando.org/2018/wp-content/plugins/master-slider/public/assets/css/common/grab.cur]
[bsidesorlando.org/2018/wp-content/uploads/header4.png]
[bsidesorlando.org/2018/wp-content/uploads/cropped-BSIDES18_white-1.png]
[bsidesorlando.org/2018/wp-content/uploads/Badge.10.delayed]
[bsidesorlando.org/2018/wp-content/uploads/secureset_white-300x91.png]
[bsidesorlando.org/2018/wp-content/uploads/SOBEhires_white-300x161.png]
[bsidesorlando.org/2018/wp-content/uploads/CFLISSA_Logo-300x101.png]
[bsidesorlando.org/2018/wp-content/uploads/cybersecjobs_logo.png]
[bsidesorlando.org/2018/wp-content/uploads/logo_DEF_white-300x98.18.delayed]
[bsidesorlando.org/2018/wp-content/uploads/iboss_no-tag-white-300x80.png]
[bsidesorlando.org/2018/wp-content/uploads/fortress_logo-768x182-300x71.png]
[bsidesorlando.org/2018/wp-content/uploads/GPSLogoTagLine-300x157-300x157.png]
[bsidesorlando.org/2018/wp-content/plugins/theme-my-login/assets/scripts/theme-my-login.min080c.js]
[bsidesorlando.org/2018/wp-content/themes/twentyseventeen/assets/js/skip-link-focus-fix5152.js]
[bsidesorlando.org/2018/wp-content/themes/twentyseventeen/assets/js/navigation5152.js]
[bsidesorlando.org/2018/wp-content/themes/twentyseventeen/assets/js/global5152.js]
[bsidesorlando.org/2018/wp-content/themes/twentyseventeen/assets/js/jquery.scrollTo431f.js]
[bsidesorlando.org/2018/wp-includes/js/wp-embed.min8e83.js]
[bsidesorlando.org/2018/wp-includes/js/wp-a11y.min8e83.js]
[bsidesorlando.org/2018/wp-includes/js/wp-custom-header.min8e83.js]
[bsidesorlando.org/2018/index.html]
[bsidesorlando.org/2018/wp-content/uploads/BHIS_LOGO_whitetransparent-1-300x300.png]
[bsidesorlando.org/2018/wp-content/uploads/SANS_Logo_White-300x159.png]
[bsidesorlando.org/2018/wp-content/uploads/FC2Logo-300x106.png]
[bsidesorlando.org/2018/wp-content/uploads/reliaquest_white-300x65.png]
[bsidesorlando.org/2018/wp-content/uploads/Hak5_Black-1024x576-300x169.png]
[bsidesorlando.org/2018/page/2/index.html]
[bsidesorlando.org/2018/wp-content/plugins/theme-my-login/assets/styles/theme-my-login.min080c.css]
[bsidesorlando.org/2018/wp-content/themes/twentyseventeen/style8e83.css]
[bsidesorlando.org/2018/wp-content/themes/twentyseventeen/assets/css/blocks4963.css]
[bsidesorlando.org/2018/wp-content/themes/twentyseventeen/assets/css/colors-dark5152.css]
[bsidesorlando.org/2018/wp-content/plugins/tablepress/css/tablepress.eot]
[bsidesorlando.org/2018/wp-content/tablepress-combined.minb52e.css]
[bsidesorlando.org/2018/wp-content/plugins/master-slider/public/assets/css/common/loading-2.gif]
[bsidesorlando.org/2018/wp-content/plugins/master-slider/public/assets/css/common/grab.png]
[bsidesorlando.org/2018/wp-content/plugins/master-slider/public/assets/css/common/grabbing.png]
[bsidesorlando.org/2018/wp-content/plugins/master-slider/public/assets/css/common/video-close-btn.png]
[bsidesorlando.org/2018/wp-content/plugins/master-slider/public/assets/css/skins/light-skin-1.png]
[bsidesorlando.org/2018/wp-content/plugins/master-slider/public/assets/css/skins/light-skin-1-retina.png]
[bsidesorlando.org/2018/wp-content/plugins/master-slider/public/assets/css/skins/black-skin-1.png]
[bsidesorlando.org/2018/wp-content/plugins/master-slider/public/assets/css/skins/black-skin-1-retina.png]
[bsidesorlando.org/2018/wp-content/plugins/master-slider/public/assets/css/skins/black-skin-2.png]
[bsidesorlando.org/2018/wp-content/plugins/master-slider/public/assets/css/skins/black-skin-2-retina.png]
[bsidesorlando.org/2018/wp-content/plugins/master-slider/public/assets/css/skins/light-skin-2.png]
[bsidesorlando.org/2018/wp-content/plugins/master-slider/public/assets/css/skins/light-skin-2-retina.png]
[bsidesorlando.org/2018/wp-content/plugins/master-slider/public/assets/css/skins/light-skin-3.png]
[bsidesorlando.org/2018/wp-content/plugins/master-slider/public/assets/css/skins/light-skin-3-retina.png]
[bsidesorlando.org/2018/wp-content/plugins/master-slider/public/assets/css/skins/light-skin-4.png]
[bsidesorlando.org/2018/wp-content/plugins/master-slider/public/assets/css/skins/light-skin-4-retina.png]
[bsidesorlando.org/2018/wp-content/plugins/master-slider/public/assets/css/skins/light-skin-5.png]
[bsidesorlando.org/2018/wp-content/plugins/master-slider/public/assets/css/skins/light-skin-5-retina.png]
[bsidesorlando.org/2018/wp-content/plugins/master-slider/public/assets/css/skins/light-skin-6.png]
[bsidesorlando.org/2018/wp-content/plugins/master-slider/public/assets/css/skins/light-skin-6-retina.png]
[bsidesorlando.org/2018/wp-content/plugins/master-slider/public/assets/css/skins/metro-skin.png]
[bsidesorlando.org/2018/wp-content/plugins/master-slider/public/assets/css/skins/metro-skin-retina.png]
[bsidesorlando.org/2018/wp-content/plugins/master-slider/public/assets/css/skins/contrast-skin.png]
[bsidesorlando.org/2018/wp-content/plugins/master-slider/public/assets/css/skins/contrast-skin-retina.png]
[bsidesorlando.org/2018/wp-content/plugins/master-slider/public/assets/css/masterslider.main1aae.css]
[bsidesorlando.org/2018/wp-content/uploads/master-slider/custom128b.css]
[bsidesorlando.org/2018/wp-json/oembed/1.0/embed7b0e.json]
[bsidesorlando.org/2018/wp-json/oembed/1.0/embed56ea]
[bsidesorlando.org/2018/home/index.html]
[bsidesorlando.org/2018/wp-json/oembed/1.0/embed6653.json]
[bsidesorlando.org/2018/wp-json/oembed/1.0/embedf7e0]
[bsidesorlando.org/2018/wp-content/uploads/std-rev-red-star-lg-1-300x110.png]
[bsidesorlando.org/2018/wp-content/uploads/nostarch_logo-300x59.png]
[bsidesorlando.org/2018/sponsors/index.html]
[bsidesorlando.org/2018/wp-json/oembed/1.0/embedd554.json]
[bsidesorlando.org/2018/wp-json/oembed/1.0/embed731d]
[bsidesorlando.org/2018/workshops/index.html]
[bsidesorlando.org/2018/wp-json/oembed/1.0/embed37eb.json]
[bsidesorlando.org/2018/wp-json/oembed/1.0/embed3796]
[bsidesorlando.org/2018/ics-packet-analysis-workshop/index.html]
[bsidesorlando.org/2018/wp-json/oembed/1.0/embed9743.json]
[bsidesorlando.org/2018/wp-json/oembed/1.0/embed22ce]
[bsidesorlando.org/2018/wp-content/uploads/Image-uploaded-from-iOS-1-300x280.jpg]
[bsidesorlando.org/2018/ctf-101/index.html]
[bsidesorlando.org/2018/wp-json/oembed/1.0/embed8716.json]
[bsidesorlando.org/2018/wp-json/oembed/1.0/embedec49]
[bsidesorlando.org/2018/activities/index.html]
[bsidesorlando.org/2018/wp-json/oembed/1.0/embed3505.json]
[bsidesorlando.org/2018/wp-json/oembed/1.0/embed5104]
[bsidesorlando.org/2018/wp-content/uploads/sctf_logo_final_18-300x165.png]
[bsidesorlando.org/2018/wp-content/uploads/ctf-300x200.png]
[bsidesorlando.org/2018/sunshine-ctf/index.html]
[bsidesorlando.org/2018/wp-json/oembed/1.0/embed797e.json]
[bsidesorlando.org/2018/wp-json/oembed/1.0/embed0427]
[bsidesorlando.org/2018/wp-content/uploads/door_lock-200x300.png]
[bsidesorlando.org/2018/wp-content/uploads/TOOOL_logo-large-white-1-300x113.png]
[bsidesorlando.org/2018/wp-content/uploads/lockpicktable-300x200.png]
[bsidesorlando.org/2018/lock-picking-village/index.html]
[bsidesorlando.org/2018/wp-json/oembed/1.0/embed7bc2.json]
[bsidesorlando.org/2018/wp-json/oembed/1.0/embeda3bb]
[bsidesorlando.org/2018/wp-content/uploads/cyberjobs-300x157.png]
[bsidesorlando.org/2018/career-track/index.html]
[bsidesorlando.org/2018/wp-json/oembed/1.0/embed85f5.json]
[bsidesorlando.org/2018/wp-json/oembed/1.0/embed4f8b]
[bsidesorlando.org/2018/wp-content/uploads/BHIS_logo_2018_white-300x300.png]
[bsidesorlando.org/2018/hands-on-hall/index.html]
[bsidesorlando.org/2018/wp-json/oembed/1.0/embed6d39.json]
[bsidesorlando.org/2018/wp-json/oembed/1.0/embed86c6]
[bsidesorlando.org/2018/wp-content/uploads/dumpsterfire-300x300.jpg]
[bsidesorlando.org/2018/activities/iot-dumpster-fire/index.html]
[bsidesorlando.org/2018/wp-json/oembed/1.0/embed26df.json]
[bsidesorlando.org/2018/wp-json/oembed/1.0/embed9538]
[bsidesorlando.org/2018/silent-auction/index.html]
[bsidesorlando.org/2018/wp-json/oembed/1.0/embed5ddd.json]
[bsidesorlando.org/2018/wp-json/oembed/1.0/embed368b]
[bsidesorlando.org/2018/lodging/index.html]
[bsidesorlando.org/2018/wp-json/oembed/1.0/embedd985.json]
[bsidesorlando.org/2018/wp-json/oembed/1.0/embed6763]
[bsidesorlando.org/2018/wp-content/uploads/parking.png]
[bsidesorlando.org/2018/parking/index.html]
[bsidesorlando.org/2018/wp-json/oembed/1.0/embedc830.json]
[bsidesorlando.org/2018/wp-json/oembed/1.0/embed5663]
[bsidesorlando.org/2018/wp-content/uploads/bsidesorl_18_maps_signage.jpg]
[bsidesorlando.org/2018/venue/index.html]
[bsidesorlando.org/2018/wp-json/oembed/1.0/embed31a7.json]
[bsidesorlando.org/2018/wp-json/oembed/1.0/embeda0b6]
[bsidesorlando.org/2018/after-party/index.html]
[bsidesorlando.org/2018/wp-json/oembed/1.0/embed58c8.json]
[bsidesorlando.org/2018/wp-json/oembed/1.0/embed6758]
[bsidesorlando.org/2018/schedule/index.html]
[bsidesorlando.org/2018/wp-json/oembed/1.0/embedaa26.json]
[bsidesorlando.org/2018/wp-json/oembed/1.0/embed31d1]
[bsidesorlando.org/2018/wp-content/uploads/Avani_Desai.png]
[bsidesorlando.org/2018/speakers/keynote-avani-desai/index.html]
[bsidesorlando.org/2018/wp-json/oembed/1.0/embed1c6f.json]
[bsidesorlando.org/2018/wp-json/oembed/1.0/embed986d]
[bsidesorlando.org/2018/wp-content/uploads/unnamed.jpg]
[bsidesorlando.org/2018/speakers/keynote-jon-haas/index.html]
[bsidesorlando.org/2018/wp-json/oembed/1.0/embedb416.json]
[bsidesorlando.org/2018/wp-json/oembed/1.0/embedb73b]
[bsidesorlando.org/2018/speakers/beau-bullock-mike-felch/index.html]
[bsidesorlando.org/2018/wp-json/oembed/1.0/embed1bae.json]
[bsidesorlando.org/2018/wp-json/oembed/1.0/embedc257]
[bsidesorlando.org/2018/speakers/bryan-smith/index.html]
[bsidesorlando.org/2018/wp-json/oembed/1.0/embed0dba.json]
[bsidesorlando.org/2018/wp-json/oembed/1.0/embed135e]
[bsidesorlando.org/2018/speakers/chad-seaman/index.html]
[bsidesorlando.org/2018/wp-json/oembed/1.0/embedf6e8.json]
[bsidesorlando.org/2018/wp-json/oembed/1.0/embed0093]
[bsidesorlando.org/2018/speakers/david-switzer-jonathan-echavarria/index.html]
[bsidesorlando.org/2018/wp-json/oembed/1.0/embeda868.json]
[bsidesorlando.org/2018/wp-json/oembed/1.0/embeda8a2]
[bsidesorlando.org/2018/wp-content/uploads/fraq-headshot-200x300.jpg]
[bsidesorlando.org/2018/speakers/fraq/index.html]
[bsidesorlando.org/2018/wp-json/oembed/1.0/embed86f9.json]
[bsidesorlando.org/2018/wp-json/oembed/1.0/embede6ef]
[bsidesorlando.org/2018/wp-content/uploads/Joe-Gray-225x300.jpg]
[bsidesorlando.org/2018/speakers/joe-gray/index.html]
[bsidesorlando.org/2018/wp-json/oembed/1.0/embeddb0b.json]
[bsidesorlando.org/2018/wp-json/oembed/1.0/embed099f]
[bsidesorlando.org/2018/wp-content/uploads/Kevin_Cody-1-300x300.png]
[bsidesorlando.org/2018/speakers/kevin-cody/index.html]
[bsidesorlando.org/2018/wp-json/oembed/1.0/embed571b.json]
[bsidesorlando.org/2018/wp-json/oembed/1.0/embed51f0]
[bsidesorlando.org/2018/speakers/thomas-richards/index.html]
[bsidesorlando.org/2018/wp-json/oembed/1.0/embedd566.json]
[bsidesorlando.org/2018/wp-json/oembed/1.0/embedb386]
[bsidesorlando.org/2018/attendee/index.html]
[bsidesorlando.org/2018/wp-json/oembed/1.0/embedbffc.json]
[bsidesorlando.org/2018/wp-json/oembed/1.0/embed8d07]
[bsidesorlando.org/2018/b-sides-orlando-2018/index.html]
[bsidesorlando.org/2018/wp-json/oembed/1.0/embed1c1b.json]
[bsidesorlando.org/2018/badge-docs/index.html]
[bsidesorlando.org/2018/wp-json/oembed/1.0/embed99e0]
[bsidesorlando.org/2018/wp-json/oembed/1.0/embed8317.json]
[bsidesorlando.org/2018/wp-json/oembed/1.0/embed8de8]
[bsidesorlando.org/2018/no-starch-press-sponsors-b-sides-orlando/index.html]
[bsidesorlando.org/2018/wp-json/oembed/1.0/embedec9d.json]
[bsidesorlando.org/2018/secureset-sponsors-b-sides-orlando/index.html]
[bsidesorlando.org/2018/wp-json/oembed/1.0/embedd4cb]
[bsidesorlando.org/2018/wp-json/oembed/1.0/embed2a53.json]
[bsidesorlando.org/2018/wp-json/oembed/1.0/embed812d]
[bsidesorlando.org/2018/sobe-research-group-sponsors-b-sides-orlando/index.html]
[bsidesorlando.org/2018/wp-json/oembed/1.0/embedba8c.json]
[bsidesorlando.org/2018/wp-json/oembed/1.0/embed22b5]
[bsidesorlando.org/2018/issa-central-florida-sponsors-b-sides-orlando/index.html]
[bsidesorlando.org/2018/wp-json/oembed/1.0/embed6fcb.json]
[bsidesorlando.org/2018/wp-json/oembed/1.0/embed696c]
[bsidesorlando.org/2018/cybersecjobs-sponsors-b-sides-orlando/index.html]
[bsidesorlando.org/2018/wp-json/oembed/1.0/embeda8de.json]
[bsidesorlando.org/2018/wp-json/oembed/1.0/embed6d8b]
[bsidesorlando.org/2018/securitymatters-sponsors-b-sides-orlando/index.html]
[bsidesorlando.org/2018/wp-json/oembed/1.0/embedf54a.json]
[bsidesorlando.org/2018/wp-json/oembed/1.0/embed3aae]
[bsidesorlando.org/2018/iboss-sponsors-b-sides-orlando/index.html]
[bsidesorlando.org/2018/wp-json/oembed/1.0/embed1309.json]
[bsidesorlando.org/2018/wp-json/oembed/1.0/embedd9bb]
[bsidesorlando.org/2018/fortress-information-security-sponsors-b-sides-orlando/index.html]
[bsidesorlando.org/2018/wp-json/oembed/1.0/embed0d91.json]
[bsidesorlando.org/2018/wp-json/oembed/1.0/embed593d]
[bsidesorlando.org/2018/guidepoint-security-sponsors-b-sides-orlando/index.html]
[bsidesorlando.org/2018/wp-json/oembed/1.0/embed633e.json]
[bsidesorlando.org/2018/wp-json/oembed/1.0/embed2ff8]
[bsidesorlando.org/2018/bhis-sponsors-b-sides-orlando/index.html]
[bsidesorlando.org/2018/wp-json/oembed/1.0/embedae3d.json]
[bsidesorlando.org/2018/wp-json/oembed/1.0/embed2ea6]
[bsidesorlando.org/2018/sans-sponsors-b-sides-orlando/index.html]
[bsidesorlando.org/2018/wp-json/oembed/1.0/embed255e.json]
[bsidesorlando.org/2018/wp-json/oembed/1.0/embed57c9]
[bsidesorlando.org/2018/fc2-sponsors-b-sides-orlando/index.html]
[bsidesorlando.org/2018/wp-json/oembed/1.0/embedd1a2.json]
[bsidesorlando.org/2018/wp-json/oembed/1.0/embed3429]
[bsidesorlando.org/2018/reliaquest-sponsors-b-sides-orlando/index.html]
[bsidesorlando.org/2018/wp-json/oembed/1.0/embedb97c.json]
[bsidesorlando.org/2018/wp-json/oembed/1.0/embed1fef]
[bsidesorlando.org/2018/bsides-orlando-2018-cfp-selection-process/index.html]
[bsidesorlando.org/2018/wp-json/oembed/1.0/embed929f.json]
[bsidesorlando.org/2018/wp-json/oembed/1.0/embedfd5c]
[bsidesorlando.org/2018/hak5-sponsors-b-sides-orlando/index.html]
[bsidesorlando.org/2018/wp-json/oembed/1.0/embede676.json]
[bsidesorlando.org/2018/wp-json/oembed/1.0/embedf067]
[bsidesorlando.org/2018/icsworkshop/index.html]
[bsidesorlando.org/2018/wp-content/plugins/master-slider/public/assets/css/skins/minimal.svg]
[bsidesorlando.org/2018/indexa1ca.html]
[bsidesorlando.org/2018/index6c46.html]
[bsidesorlando.org/2018/wp-json/oembed/1.0/embed53b0.json]
[bsidesorlando.org/2018/wp-json/oembed/1.0/embed9add]
[bsidesorlando.org/2018/wp-content/uploads/BSides_Orlando_Sponsorship_2018.pdf]
[bsidesorlando.org/2018/sponsorship/index.html]
[bsidesorlando.org/2018/index85b3.html]
[bsidesorlando.org/2018/index28c5.html]
[bsidesorlando.org/2018/indexa8b8.html]
[bsidesorlando.org/2018/indexd1c3.html]
[bsidesorlando.org/2018/index8a71.html]
[bsidesorlando.org/2018/index5721.html]
[bsidesorlando.org/2018/indexdc0d.html]
[bsidesorlando.org/2018/index6452.html]
[bsidesorlando.org/2018/indexb25f.html]
[bsidesorlando.org/2018/indexc39e.html]
[bsidesorlando.org/2018/index88b9.html]
[bsidesorlando.org/2018/index2cf9.html]
[bsidesorlando.org/2018/index0345.html]
[bsidesorlando.org/2018/index092b.html]
[bsidesorlando.org/2018/index2cce.html]
[bsidesorlando.org/2018/index2e31.html]
[bsidesorlando.org/2018/indexf167.html]
[bsidesorlando.org/2018/index6c15.html]
[bsidesorlando.org/2018/index0a18.html]
[bsidesorlando.org/2018/index2325.html]
[bsidesorlando.org/2018/index64d4.html]
[bsidesorlando.org/2018/index43fc.html]
[bsidesorlando.org/2018/index5ee4.html]
[bsidesorlando.org/2018/indexc3ba.html]
[bsidesorlando.org/2018/index12d0.html]
[bsidesorlando.org/2018/index7ef4.html]
[bsidesorlando.org/2018/index88c3.html]
[bsidesorlando.org/2018/author/emeyer/index.html]
[bsidesorlando.org/2018/category/blog/index.html]
[bsidesorlando.org/2018/author/emeyer/feed/index.html]
[bsidesorlando.org/2018/category/blog/feed/index.html]
[bsidesorlando.org/2018/index960c.html]
[bsidesorlando.org/2018/author/jsinger/index.html]
[bsidesorlando.org/2018/category/speaker/index.html]
[bsidesorlando.org/2018/index2c5f.html]
[bsidesorlando.org/2018/author/jsinger/feed/index.html]
[bsidesorlando.org/2018/category/speaker/feed/index.html]
[bsidesorlando.org/2018/category/sponsor/index.html]
[bsidesorlando.org/2018/indexa040.html]
[bsidesorlando.org/2018/index7ab1.html]
[bsidesorlando.org/2018/index6b92.html]
[bsidesorlando.org/2018/indexbbbc.html]
[bsidesorlando.org/2018/indexfe24.html]
[bsidesorlando.org/2018/indexf7f8.html]
[bsidesorlando.org/2018/index7014.html]
[bsidesorlando.org/2018/index06d3.html]
[bsidesorlando.org/2018/indexb47e.html]
[bsidesorlando.org/2018/index42fe.html]
[bsidesorlando.org/2018/indexe982.html]
[bsidesorlando.org/2018/index9ed5.html]
[bsidesorlando.org/2018/index802e.html]
[bsidesorlando.org/2018/index73fa.html]
[bsidesorlando.org/2018/indexa80c.html]
[bsidesorlando.org/2018/category/workshops/index.html]
[bsidesorlando.org/2018/index6f72.html]
[bsidesorlando.org/2018/author/emeyer/page/2/index.html]
[bsidesorlando.org/2018/category/sponsor/feed/index.html]
[bsidesorlando.org/2018/category/sponsor/page/2/index.html]
[bsidesorlando.org/2018/category/workshops/feed/index.html]
